// Jest Snapshot v1, https://goo.gl/fbAQLP

exports[`must remove blocks entirely within the selection 1`] = `
Object {
  "a": Object {
    "characterList": Array [
      Object {
        "entity": null,
        "style": Array [],
      },
      Object {
        "entity": null,
        "style": Array [],
      },
      Object {
        "entity": null,
        "style": Array [],
      },
      Object {
        "entity": null,
        "style": Array [],
      },
    ],
    "data": Object {},
    "depth": 0,
    "key": "a",
    "text": "Alpt",
    "type": "unstyled",
  },
  "d": Object {
    "characterList": Array [],
    "data": Object {},
    "depth": 0,
    "key": "d",
    "text": "",
    "type": "code-block",
  },
  "e": Object {
    "characterList": Array [],
    "data": Object {},
    "depth": 0,
    "key": "e",
    "text": "",
    "type": "code-block",
  },
  "f": Object {
    "characterList": Array [
      Object {
        "entity": null,
        "style": Array [
          "ITALIC",
        ],
      },
      Object {
        "entity": null,
        "style": Array [
          "ITALIC",
        ],
      },
      Object {
        "entity": null,
        "style": Array [
          "ITALIC",
        ],
      },
      Object {
        "entity": null,
        "style": Array [
          "ITALIC",
        ],
      },
      Object {
        "entity": null,
        "style": Array [
          "ITALIC",
        ],
      },
      Object {
        "entity": null,
        "style": Array [
          "ITALIC",
        ],
      },
      Object {
        "entity": null,
        "style": Array [
          "ITALIC",
        ],
      },
    ],
    "data": Object {},
    "depth": 0,
    "key": "f",
    "text": "Charlie",
    "type": "blockquote",
  },
}
`;

exports[`must remove from the beginning of the block 1`] = `
Object {
  "a": Object {
    "characterList": Array [
      Object {
        "entity": null,
        "style": Array [],
      },
      Object {
        "entity": null,
        "style": Array [],
      },
    ],
    "data": Object {},
    "depth": 0,
    "key": "a",
    "text": "ha",
    "type": "unstyled",
  },
  "b": Object {
    "characterList": Array [
      Object {
        "entity": "1",
        "style": Array [
          "BOLD",
        ],
      },
      Object {
        "entity": "1",
        "style": Array [
          "BOLD",
        ],
      },
      Object {
        "entity": "1",
        "style": Array [
          "BOLD",
        ],
      },
      Object {
        "entity": "1",
        "style": Array [
          "BOLD",
        ],
      },
      Object {
        "entity": "1",
        "style": Array [
          "BOLD",
        ],
      },
    ],
    "data": Object {},
    "depth": 0,
    "key": "b",
    "text": "Bravo",
    "type": "unordered-list-item",
  },
  "c": Object {
    "characterList": Array [
      Object {
        "entity": null,
        "style": Array [],
      },
      Object {
        "entity": null,
        "style": Array [],
      },
      Object {
        "entity": null,
        "style": Array [],
      },
      Object {
        "entity": null,
        "style": Array [],
      },
    ],
    "data": Object {},
    "depth": 0,
    "key": "c",
    "text": "Test",
    "type": "code-block",
  },
  "d": Object {
    "characterList": Array [],
    "data": Object {},
    "depth": 0,
    "key": "d",
    "text": "",
    "type": "code-block",
  },
  "e": Object {
    "characterList": Array [],
    "data": Object {},
    "depth": 0,
    "key": "e",
    "text": "",
    "type": "code-block",
  },
  "f": Object {
    "characterList": Array [
      Object {
        "entity": null,
        "style": Array [
          "ITALIC",
        ],
      },
      Object {
        "entity": null,
        "style": Array [
          "ITALIC",
        ],
      },
      Object {
        "entity": null,
        "style": Array [
          "ITALIC",
        ],
      },
      Object {
        "entity": null,
        "style": Array [
          "ITALIC",
        ],
      },
      Object {
        "entity": null,
        "style": Array [
          "ITALIC",
        ],
      },
      Object {
        "entity": null,
        "style": Array [
          "ITALIC",
        ],
      },
      Object {
        "entity": null,
        "style": Array [
          "ITALIC",
        ],
      },
    ],
    "data": Object {},
    "depth": 0,
    "key": "f",
    "text": "Charlie",
    "type": "blockquote",
  },
}
`;

exports[`must remove from the end of A to the end of B 1`] = `
Object {
  "a": Object {
    "characterList": Array [
      Object {
        "entity": null,
        "style": Array [],
      },
      Object {
        "entity": null,
        "style": Array [],
      },
      Object {
        "entity": null,
        "style": Array [],
      },
      Object {
        "entity": null,
        "style": Array [],
      },
      Object {
        "entity": null,
        "style": Array [],
      },
    ],
    "data": Object {},
    "depth": 0,
    "key": "a",
    "text": "Alpha",
    "type": "unstyled",
  },
  "c": Object {
    "characterList": Array [
      Object {
        "entity": null,
        "style": Array [],
      },
      Object {
        "entity": null,
        "style": Array [],
      },
      Object {
        "entity": null,
        "style": Array [],
      },
      Object {
        "entity": null,
        "style": Array [],
      },
    ],
    "data": Object {},
    "depth": 0,
    "key": "c",
    "text": "Test",
    "type": "code-block",
  },
  "d": Object {
    "characterList": Array [],
    "data": Object {},
    "depth": 0,
    "key": "d",
    "text": "",
    "type": "code-block",
  },
  "e": Object {
    "characterList": Array [],
    "data": Object {},
    "depth": 0,
    "key": "e",
    "text": "",
    "type": "code-block",
  },
  "f": Object {
    "characterList": Array [
      Object {
        "entity": null,
        "style": Array [
          "ITALIC",
        ],
      },
      Object {
        "entity": null,
        "style": Array [
          "ITALIC",
        ],
      },
      Object {
        "entity": null,
        "style": Array [
          "ITALIC",
        ],
      },
      Object {
        "entity": null,
        "style": Array [
          "ITALIC",
        ],
      },
      Object {
        "entity": null,
        "style": Array [
          "ITALIC",
        ],
      },
      Object {
        "entity": null,
        "style": Array [
          "ITALIC",
        ],
      },
      Object {
        "entity": null,
        "style": Array [
          "ITALIC",
        ],
      },
    ],
    "data": Object {},
    "depth": 0,
    "key": "f",
    "text": "Charlie",
    "type": "blockquote",
  },
}
`;

exports[`must remove from the end of A to the start of B 1`] = `
Object {
  "a": Object {
    "characterList": Array [
      Object {
        "entity": null,
        "style": Array [],
      },
      Object {
        "entity": null,
        "style": Array [],
      },
      Object {
        "entity": null,
        "style": Array [],
      },
      Object {
        "entity": null,
        "style": Array [],
      },
      Object {
        "entity": null,
        "style": Array [],
      },
      Object {
        "entity": "1",
        "style": Array [
          "BOLD",
        ],
      },
      Object {
        "entity": "1",
        "style": Array [
          "BOLD",
        ],
      },
      Object {
        "entity": "1",
        "style": Array [
          "BOLD",
        ],
      },
      Object {
        "entity": "1",
        "style": Array [
          "BOLD",
        ],
      },
      Object {
        "entity": "1",
        "style": Array [
          "BOLD",
        ],
      },
    ],
    "data": Object {},
    "depth": 0,
    "key": "a",
    "text": "AlphaBravo",
    "type": "unstyled",
  },
  "c": Object {
    "characterList": Array [
      Object {
        "entity": null,
        "style": Array [],
      },
      Object {
        "entity": null,
        "style": Array [],
      },
      Object {
        "entity": null,
        "style": Array [],
      },
      Object {
        "entity": null,
        "style": Array [],
      },
    ],
    "data": Object {},
    "depth": 0,
    "key": "c",
    "text": "Test",
    "type": "code-block",
  },
  "d": Object {
    "characterList": Array [],
    "data": Object {},
    "depth": 0,
    "key": "d",
    "text": "",
    "type": "code-block",
  },
  "e": Object {
    "characterList": Array [],
    "data": Object {},
    "depth": 0,
    "key": "e",
    "text": "",
    "type": "code-block",
  },
  "f": Object {
    "characterList": Array [
      Object {
        "entity": null,
        "style": Array [
          "ITALIC",
        ],
      },
      Object {
        "entity": null,
        "style": Array [
          "ITALIC",
        ],
      },
      Object {
        "entity": null,
        "style": Array [
          "ITALIC",
        ],
      },
      Object {
        "entity": null,
        "style": Array [
          "ITALIC",
        ],
      },
      Object {
        "entity": null,
        "style": Array [
          "ITALIC",
        ],
      },
      Object {
        "entity": null,
        "style": Array [
          "ITALIC",
        ],
      },
      Object {
        "entity": null,
        "style": Array [
          "ITALIC",
        ],
      },
    ],
    "data": Object {},
    "depth": 0,
    "key": "f",
    "text": "Charlie",
    "type": "blockquote",
  },
}
`;

exports[`must remove from the end of A to within B 1`] = `
Object {
  "a": Object {
    "characterList": Array [
      Object {
        "entity": null,
        "style": Array [],
      },
      Object {
        "entity": null,
        "style": Array [],
      },
      Object {
        "entity": null,
        "style": Array [],
      },
      Object {
        "entity": null,
        "style": Array [],
      },
      Object {
        "entity": null,
        "style": Array [],
      },
      Object {
        "entity": "1",
        "style": Array [
          "BOLD",
        ],
      },
      Object {
        "entity": "1",
        "style": Array [
          "BOLD",
        ],
      },
    ],
    "data": Object {},
    "depth": 0,
    "key": "a",
    "text": "Alphavo",
    "type": "unstyled",
  },
  "c": Object {
    "characterList": Array [
      Object {
        "entity": null,
        "style": Array [],
      },
      Object {
        "entity": null,
        "style": Array [],
      },
      Object {
        "entity": null,
        "style": Array [],
      },
      Object {
        "entity": null,
        "style": Array [],
      },
    ],
    "data": Object {},
    "depth": 0,
    "key": "c",
    "text": "Test",
    "type": "code-block",
  },
  "d": Object {
    "characterList": Array [],
    "data": Object {},
    "depth": 0,
    "key": "d",
    "text": "",
    "type": "code-block",
  },
  "e": Object {
    "characterList": Array [],
    "data": Object {},
    "depth": 0,
    "key": "e",
    "text": "",
    "type": "code-block",
  },
  "f": Object {
    "characterList": Array [
      Object {
        "entity": null,
        "style": Array [
          "ITALIC",
        ],
      },
      Object {
        "entity": null,
        "style": Array [
          "ITALIC",
        ],
      },
      Object {
        "entity": null,
        "style": Array [
          "ITALIC",
        ],
      },
      Object {
        "entity": null,
        "style": Array [
          "ITALIC",
        ],
      },
      Object {
        "entity": null,
        "style": Array [
          "ITALIC",
        ],
      },
      Object {
        "entity": null,
        "style": Array [
          "ITALIC",
        ],
      },
      Object {
        "entity": null,
        "style": Array [
          "ITALIC",
        ],
      },
    ],
    "data": Object {},
    "depth": 0,
    "key": "f",
    "text": "Charlie",
    "type": "blockquote",
  },
}
`;

exports[`must remove from the start of A to the end of B 1`] = `
Object {
  "a": Object {
    "characterList": Array [],
    "data": Object {},
    "depth": 0,
    "key": "a",
    "text": "",
    "type": "unstyled",
  },
  "c": Object {
    "characterList": Array [
      Object {
        "entity": null,
        "style": Array [],
      },
      Object {
        "entity": null,
        "style": Array [],
      },
      Object {
        "entity": null,
        "style": Array [],
      },
      Object {
        "entity": null,
        "style": Array [],
      },
    ],
    "data": Object {},
    "depth": 0,
    "key": "c",
    "text": "Test",
    "type": "code-block",
  },
  "d": Object {
    "characterList": Array [],
    "data": Object {},
    "depth": 0,
    "key": "d",
    "text": "",
    "type": "code-block",
  },
  "e": Object {
    "characterList": Array [],
    "data": Object {},
    "depth": 0,
    "key": "e",
    "text": "",
    "type": "code-block",
  },
  "f": Object {
    "characterList": Array [
      Object {
        "entity": null,
        "style": Array [
          "ITALIC",
        ],
      },
      Object {
        "entity": null,
        "style": Array [
          "ITALIC",
        ],
      },
      Object {
        "entity": null,
        "style": Array [
          "ITALIC",
        ],
      },
      Object {
        "entity": null,
        "style": Array [
          "ITALIC",
        ],
      },
      Object {
        "entity": null,
        "style": Array [
          "ITALIC",
        ],
      },
      Object {
        "entity": null,
        "style": Array [
          "ITALIC",
        ],
      },
      Object {
        "entity": null,
        "style": Array [
          "ITALIC",
        ],
      },
    ],
    "data": Object {},
    "depth": 0,
    "key": "f",
    "text": "Charlie",
    "type": "blockquote",
  },
}
`;

exports[`must remove from the start of A to the start of B 1`] = `
Object {
  "a": Object {
    "characterList": Array [
      Object {
        "entity": "1",
        "style": Array [
          "BOLD",
        ],
      },
      Object {
        "entity": "1",
        "style": Array [
          "BOLD",
        ],
      },
      Object {
        "entity": "1",
        "style": Array [
          "BOLD",
        ],
      },
      Object {
        "entity": "1",
        "style": Array [
          "BOLD",
        ],
      },
      Object {
        "entity": "1",
        "style": Array [
          "BOLD",
        ],
      },
    ],
    "data": Object {},
    "depth": 0,
    "key": "a",
    "text": "Bravo",
    "type": "unstyled",
  },
  "c": Object {
    "characterList": Array [
      Object {
        "entity": null,
        "style": Array [],
      },
      Object {
        "entity": null,
        "style": Array [],
      },
      Object {
        "entity": null,
        "style": Array [],
      },
      Object {
        "entity": null,
        "style": Array [],
      },
    ],
    "data": Object {},
    "depth": 0,
    "key": "c",
    "text": "Test",
    "type": "code-block",
  },
  "d": Object {
    "characterList": Array [],
    "data": Object {},
    "depth": 0,
    "key": "d",
    "text": "",
    "type": "code-block",
  },
  "e": Object {
    "characterList": Array [],
    "data": Object {},
    "depth": 0,
    "key": "e",
    "text": "",
    "type": "code-block",
  },
  "f": Object {
    "characterList": Array [
      Object {
        "entity": null,
        "style": Array [
          "ITALIC",
        ],
      },
      Object {
        "entity": null,
        "style": Array [
          "ITALIC",
        ],
      },
      Object {
        "entity": null,
        "style": Array [
          "ITALIC",
        ],
      },
      Object {
        "entity": null,
        "style": Array [
          "ITALIC",
        ],
      },
      Object {
        "entity": null,
        "style": Array [
          "ITALIC",
        ],
      },
      Object {
        "entity": null,
        "style": Array [
          "ITALIC",
        ],
      },
      Object {
        "entity": null,
        "style": Array [
          "ITALIC",
        ],
      },
    ],
    "data": Object {},
    "depth": 0,
    "key": "f",
    "text": "Charlie",
    "type": "blockquote",
  },
}
`;

exports[`must remove from the start of A to within B 1`] = `
Object {
  "a": Object {
    "characterList": Array [
      Object {
        "entity": "1",
        "style": Array [
          "BOLD",
        ],
      },
      Object {
        "entity": "1",
        "style": Array [
          "BOLD",
        ],
      },
    ],
    "data": Object {},
    "depth": 0,
    "key": "a",
    "text": "vo",
    "type": "unstyled",
  },
  "c": Object {
    "characterList": Array [
      Object {
        "entity": null,
        "style": Array [],
      },
      Object {
        "entity": null,
        "style": Array [],
      },
      Object {
        "entity": null,
        "style": Array [],
      },
      Object {
        "entity": null,
        "style": Array [],
      },
    ],
    "data": Object {},
    "depth": 0,
    "key": "c",
    "text": "Test",
    "type": "code-block",
  },
  "d": Object {
    "characterList": Array [],
    "data": Object {},
    "depth": 0,
    "key": "d",
    "text": "",
    "type": "code-block",
  },
  "e": Object {
    "characterList": Array [],
    "data": Object {},
    "depth": 0,
    "key": "e",
    "text": "",
    "type": "code-block",
  },
  "f": Object {
    "characterList": Array [
      Object {
        "entity": null,
        "style": Array [
          "ITALIC",
        ],
      },
      Object {
        "entity": null,
        "style": Array [
          "ITALIC",
        ],
      },
      Object {
        "entity": null,
        "style": Array [
          "ITALIC",
        ],
      },
      Object {
        "entity": null,
        "style": Array [
          "ITALIC",
        ],
      },
      Object {
        "entity": null,
        "style": Array [
          "ITALIC",
        ],
      },
      Object {
        "entity": null,
        "style": Array [
          "ITALIC",
        ],
      },
      Object {
        "entity": null,
        "style": Array [
          "ITALIC",
        ],
      },
    ],
    "data": Object {},
    "depth": 0,
    "key": "f",
    "text": "Charlie",
    "type": "blockquote",
  },
}
`;

exports[`must remove from within A to the end of B 1`] = `
Object {
  "a": Object {
    "characterList": Array [
      Object {
        "entity": null,
        "style": Array [],
      },
      Object {
        "entity": null,
        "style": Array [],
      },
      Object {
        "entity": null,
        "style": Array [],
      },
    ],
    "data": Object {},
    "depth": 0,
    "key": "a",
    "text": "Alp",
    "type": "unstyled",
  },
  "c": Object {
    "characterList": Array [
      Object {
        "entity": null,
        "style": Array [],
      },
      Object {
        "entity": null,
        "style": Array [],
      },
      Object {
        "entity": null,
        "style": Array [],
      },
      Object {
        "entity": null,
        "style": Array [],
      },
    ],
    "data": Object {},
    "depth": 0,
    "key": "c",
    "text": "Test",
    "type": "code-block",
  },
  "d": Object {
    "characterList": Array [],
    "data": Object {},
    "depth": 0,
    "key": "d",
    "text": "",
    "type": "code-block",
  },
  "e": Object {
    "characterList": Array [],
    "data": Object {},
    "depth": 0,
    "key": "e",
    "text": "",
    "type": "code-block",
  },
  "f": Object {
    "characterList": Array [
      Object {
        "entity": null,
        "style": Array [
          "ITALIC",
        ],
      },
      Object {
        "entity": null,
        "style": Array [
          "ITALIC",
        ],
      },
      Object {
        "entity": null,
        "style": Array [
          "ITALIC",
        ],
      },
      Object {
        "entity": null,
        "style": Array [
          "ITALIC",
        ],
      },
      Object {
        "entity": null,
        "style": Array [
          "ITALIC",
        ],
      },
      Object {
        "entity": null,
        "style": Array [
          "ITALIC",
        ],
      },
      Object {
        "entity": null,
        "style": Array [
          "ITALIC",
        ],
      },
    ],
    "data": Object {},
    "depth": 0,
    "key": "f",
    "text": "Charlie",
    "type": "blockquote",
  },
}
`;

exports[`must remove from within A to the start of B 1`] = `
Object {
  "a": Object {
    "characterList": Array [
      Object {
        "entity": null,
        "style": Array [],
      },
      Object {
        "entity": null,
        "style": Array [],
      },
      Object {
        "entity": null,
        "style": Array [],
      },
      Object {
        "entity": "1",
        "style": Array [
          "BOLD",
        ],
      },
      Object {
        "entity": "1",
        "style": Array [
          "BOLD",
        ],
      },
      Object {
        "entity": "1",
        "style": Array [
          "BOLD",
        ],
      },
      Object {
        "entity": "1",
        "style": Array [
          "BOLD",
        ],
      },
      Object {
        "entity": "1",
        "style": Array [
          "BOLD",
        ],
      },
    ],
    "data": Object {},
    "depth": 0,
    "key": "a",
    "text": "AlpBravo",
    "type": "unstyled",
  },
  "c": Object {
    "characterList": Array [
      Object {
        "entity": null,
        "style": Array [],
      },
      Object {
        "entity": null,
        "style": Array [],
      },
      Object {
        "entity": null,
        "style": Array [],
      },
      Object {
        "entity": null,
        "style": Array [],
      },
    ],
    "data": Object {},
    "depth": 0,
    "key": "c",
    "text": "Test",
    "type": "code-block",
  },
  "d": Object {
    "characterList": Array [],
    "data": Object {},
    "depth": 0,
    "key": "d",
    "text": "",
    "type": "code-block",
  },
  "e": Object {
    "characterList": Array [],
    "data": Object {},
    "depth": 0,
    "key": "e",
    "text": "",
    "type": "code-block",
  },
  "f": Object {
    "characterList": Array [
      Object {
        "entity": null,
        "style": Array [
          "ITALIC",
        ],
      },
      Object {
        "entity": null,
        "style": Array [
          "ITALIC",
        ],
      },
      Object {
        "entity": null,
        "style": Array [
          "ITALIC",
        ],
      },
      Object {
        "entity": null,
        "style": Array [
          "ITALIC",
        ],
      },
      Object {
        "entity": null,
        "style": Array [
          "ITALIC",
        ],
      },
      Object {
        "entity": null,
        "style": Array [
          "ITALIC",
        ],
      },
      Object {
        "entity": null,
        "style": Array [
          "ITALIC",
        ],
      },
    ],
    "data": Object {},
    "depth": 0,
    "key": "f",
    "text": "Charlie",
    "type": "blockquote",
  },
}
`;

exports[`must remove from within A to within B 1`] = `
Object {
  "a": Object {
    "characterList": Array [
      Object {
        "entity": null,
        "style": Array [],
      },
      Object {
        "entity": null,
        "style": Array [],
      },
      Object {
        "entity": null,
        "style": Array [],
      },
      Object {
        "entity": "1",
        "style": Array [
          "BOLD",
        ],
      },
      Object {
        "entity": "1",
        "style": Array [
          "BOLD",
        ],
      },
    ],
    "data": Object {},
    "depth": 0,
    "key": "a",
    "text": "Alpvo",
    "type": "unstyled",
  },
  "c": Object {
    "characterList": Array [
      Object {
        "entity": null,
        "style": Array [],
      },
      Object {
        "entity": null,
        "style": Array [],
      },
      Object {
        "entity": null,
        "style": Array [],
      },
      Object {
        "entity": null,
        "style": Array [],
      },
    ],
    "data": Object {},
    "depth": 0,
    "key": "c",
    "text": "Test",
    "type": "code-block",
  },
  "d": Object {
    "characterList": Array [],
    "data": Object {},
    "depth": 0,
    "key": "d",
    "text": "",
    "type": "code-block",
  },
  "e": Object {
    "characterList": Array [],
    "data": Object {},
    "depth": 0,
    "key": "e",
    "text": "",
    "type": "code-block",
  },
  "f": Object {
    "characterList": Array [
      Object {
        "entity": null,
        "style": Array [
          "ITALIC",
        ],
      },
      Object {
        "entity": null,
        "style": Array [
          "ITALIC",
        ],
      },
      Object {
        "entity": null,
        "style": Array [
          "ITALIC",
        ],
      },
      Object {
        "entity": null,
        "style": Array [
          "ITALIC",
        ],
      },
      Object {
        "entity": null,
        "style": Array [
          "ITALIC",
        ],
      },
      Object {
        "entity": null,
        "style": Array [
          "ITALIC",
        ],
      },
      Object {
        "entity": null,
        "style": Array [
          "ITALIC",
        ],
      },
    ],
    "data": Object {},
    "depth": 0,
    "key": "f",
    "text": "Charlie",
    "type": "blockquote",
  },
}
`;

exports[`must remove from within the block 1`] = `
Object {
  "a": Object {
    "characterList": Array [
      Object {
        "entity": null,
        "style": Array [],
      },
      Object {
        "entity": null,
        "style": Array [],
      },
      Object {
        "entity": null,
        "style": Array [],
      },
    ],
    "data": Object {},
    "depth": 0,
    "key": "a",
    "text": "Ala",
    "type": "unstyled",
  },
  "b": Object {
    "characterList": Array [
      Object {
        "entity": "1",
        "style": Array [
          "BOLD",
        ],
      },
      Object {
        "entity": "1",
        "style": Array [
          "BOLD",
        ],
      },
      Object {
        "entity": "1",
        "style": Array [
          "BOLD",
        ],
      },
      Object {
        "entity": "1",
        "style": Array [
          "BOLD",
        ],
      },
      Object {
        "entity": "1",
        "style": Array [
          "BOLD",
        ],
      },
    ],
    "data": Object {},
    "depth": 0,
    "key": "b",
    "text": "Bravo",
    "type": "unordered-list-item",
  },
  "c": Object {
    "characterList": Array [
      Object {
        "entity": null,
        "style": Array [],
      },
      Object {
        "entity": null,
        "style": Array [],
      },
      Object {
        "entity": null,
        "style": Array [],
      },
      Object {
        "entity": null,
        "style": Array [],
      },
    ],
    "data": Object {},
    "depth": 0,
    "key": "c",
    "text": "Test",
    "type": "code-block",
  },
  "d": Object {
    "characterList": Array [],
    "data": Object {},
    "depth": 0,
    "key": "d",
    "text": "",
    "type": "code-block",
  },
  "e": Object {
    "characterList": Array [],
    "data": Object {},
    "depth": 0,
    "key": "e",
    "text": "",
    "type": "code-block",
  },
  "f": Object {
    "characterList": Array [
      Object {
        "entity": null,
        "style": Array [
          "ITALIC",
        ],
      },
      Object {
        "entity": null,
        "style": Array [
          "ITALIC",
        ],
      },
      Object {
        "entity": null,
        "style": Array [
          "ITALIC",
        ],
      },
      Object {
        "entity": null,
        "style": Array [
          "ITALIC",
        ],
      },
      Object {
        "entity": null,
        "style": Array [
          "ITALIC",
        ],
      },
      Object {
        "entity": null,
        "style": Array [
          "ITALIC",
        ],
      },
      Object {
        "entity": null,
        "style": Array [
          "ITALIC",
        ],
      },
    ],
    "data": Object {},
    "depth": 0,
    "key": "f",
    "text": "Charlie",
    "type": "blockquote",
  },
}
`;

exports[`must remove to the end of the block 1`] = `
Object {
  "a": Object {
    "characterList": Array [
      Object {
        "entity": null,
        "style": Array [],
      },
      Object {
        "entity": null,
        "style": Array [],
      },
      Object {
        "entity": null,
        "style": Array [],
      },
    ],
    "data": Object {},
    "depth": 0,
    "key": "a",
    "text": "Alp",
    "type": "unstyled",
  },
  "b": Object {
    "characterList": Array [
      Object {
        "entity": "1",
        "style": Array [
          "BOLD",
        ],
      },
      Object {
        "entity": "1",
        "style": Array [
          "BOLD",
        ],
      },
      Object {
        "entity": "1",
        "style": Array [
          "BOLD",
        ],
      },
      Object {
        "entity": "1",
        "style": Array [
          "BOLD",
        ],
      },
      Object {
        "entity": "1",
        "style": Array [
          "BOLD",
        ],
      },
    ],
    "data": Object {},
    "depth": 0,
    "key": "b",
    "text": "Bravo",
    "type": "unordered-list-item",
  },
  "c": Object {
    "characterList": Array [
      Object {
        "entity": null,
        "style": Array [],
      },
      Object {
        "entity": null,
        "style": Array [],
      },
      Object {
        "entity": null,
        "style": Array [],
      },
      Object {
        "entity": null,
        "style": Array [],
      },
    ],
    "data": Object {},
    "depth": 0,
    "key": "c",
    "text": "Test",
    "type": "code-block",
  },
  "d": Object {
    "characterList": Array [],
    "data": Object {},
    "depth": 0,
    "key": "d",
    "text": "",
    "type": "code-block",
  },
  "e": Object {
    "characterList": Array [],
    "data": Object {},
    "depth": 0,
    "key": "e",
    "text": "",
    "type": "code-block",
  },
  "f": Object {
    "characterList": Array [
      Object {
        "entity": null,
        "style": Array [
          "ITALIC",
        ],
      },
      Object {
        "entity": null,
        "style": Array [
          "ITALIC",
        ],
      },
      Object {
        "entity": null,
        "style": Array [
          "ITALIC",
        ],
      },
      Object {
        "entity": null,
        "style": Array [
          "ITALIC",
        ],
      },
      Object {
        "entity": null,
        "style": Array [
          "ITALIC",
        ],
      },
      Object {
        "entity": null,
        "style": Array [
          "ITALIC",
        ],
      },
      Object {
        "entity": null,
        "style": Array [
          "ITALIC",
        ],
      },
    ],
    "data": Object {},
    "depth": 0,
    "key": "f",
    "text": "Charlie",
    "type": "blockquote",
  },
}
`;

exports[`must return the input ContentState if selection is collapsed 1`] = `
Object {
  "a": Object {
    "characterList": Array [
      Object {
        "entity": null,
        "style": Array [],
      },
      Object {
        "entity": null,
        "style": Array [],
      },
      Object {
        "entity": null,
        "style": Array [],
      },
      Object {
        "entity": null,
        "style": Array [],
      },
      Object {
        "entity": null,
        "style": Array [],
      },
    ],
    "data": Object {},
    "depth": 0,
    "key": "a",
    "text": "Alpha",
    "type": "unstyled",
  },
  "b": Object {
    "characterList": Array [
      Object {
        "entity": "1",
        "style": Array [
          "BOLD",
        ],
      },
      Object {
        "entity": "1",
        "style": Array [
          "BOLD",
        ],
      },
      Object {
        "entity": "1",
        "style": Array [
          "BOLD",
        ],
      },
      Object {
        "entity": "1",
        "style": Array [
          "BOLD",
        ],
      },
      Object {
        "entity": "1",
        "style": Array [
          "BOLD",
        ],
      },
    ],
    "data": Object {},
    "depth": 0,
    "key": "b",
    "text": "Bravo",
    "type": "unordered-list-item",
  },
  "c": Object {
    "characterList": Array [
      Object {
        "entity": null,
        "style": Array [],
      },
      Object {
        "entity": null,
        "style": Array [],
      },
      Object {
        "entity": null,
        "style": Array [],
      },
      Object {
        "entity": null,
        "style": Array [],
      },
    ],
    "data": Object {},
    "depth": 0,
    "key": "c",
    "text": "Test",
    "type": "code-block",
  },
  "d": Object {
    "characterList": Array [],
    "data": Object {},
    "depth": 0,
    "key": "d",
    "text": "",
    "type": "code-block",
  },
  "e": Object {
    "characterList": Array [],
    "data": Object {},
    "depth": 0,
    "key": "e",
    "text": "",
    "type": "code-block",
  },
  "f": Object {
    "characterList": Array [
      Object {
        "entity": null,
        "style": Array [
          "ITALIC",
        ],
      },
      Object {
        "entity": null,
        "style": Array [
          "ITALIC",
        ],
      },
      Object {
        "entity": null,
        "style": Array [
          "ITALIC",
        ],
      },
      Object {
        "entity": null,
        "style": Array [
          "ITALIC",
        ],
      },
      Object {
        "entity": null,
        "style": Array [
          "ITALIC",
        ],
      },
      Object {
        "entity": null,
        "style": Array [
          "ITALIC",
        ],
      },
      Object {
        "entity": null,
        "style": Array [
          "ITALIC",
        ],
      },
    ],
    "data": Object {},
    "depth": 0,
    "key": "f",
    "text": "Charlie",
    "type": "blockquote",
  },
}
`;
